0128ALK9998881100000000JODELVEREIN HOLLADRIOE 1863140907    00001234560000000000               14092007                        10216C00000000777333220123456789000000000001005000 0000000000099988811000012345600000001520   MUSTERFRAU SILKE                   JODELVEREIN HOLLADRIOE 1863MITGLIEDSBEITRAG 2003      1  0103E.V.                       00                                      0216C00000000555444220987654321000000000002005000 0000000000099988811000012345600000003000   MUSTERMANN EGON                    JODELVEREIN HOLLADRIOE 1863BEITRAG 2002 UND 2003      1  0103E.V.                       00                                      0128E     0000002000000000000000000001111111110000000001332777440000000004520                                                   